main.c:63:5:main	8	static
main.c:139:15:UstawieniePIN	24	static
main.c:153:15:UstawienieUSART1	32	static
main.c:195:6:OdpowiedzUART	16	static
main.c:210:6:UstawienieADC3	120	static
main.c:278:6:ObslugaCzujkaOdleglosci	72	static
main.c:294:6:ZapalDiode1	8	static
main.c:301:6:ZgasDiode1	8	static
main.c:312:6:Wyslij_znak	16	static
main.c:324:6:Wyslij_zdanie	24	static
main.c:335:6:UstawieniePWM	48	static
main.c:395:6:EVAL_AUDIO_TransferComplete_CallBack	16	static
main.c:404:10:EVAL_AUDIO_GetSampleCallBack	4	static
