main.c:86:5:main	8	static
main.c:245:15:UstawieniePIN	24	static
main.c:259:15:UstawienieUSART1	32	static
main.c:301:6:OdpowiedzUART	16	static
main.c:316:6:UstawienieADC3	120	static
main.c:384:6:ObslugaCzujkaOdleglosci	72	static
main.c:400:6:ZapalDiode1	8	static
main.c:407:6:ZgasDiode1	8	static
main.c:418:6:Wyslij_znak	16	static
main.c:430:6:Wyslij_zdanie	16	static
main.c:445:6:UstawieniePWM	48	static
main.c:500:6:UstawieniePrzerwanPE0	32	static
main.c:542:6:UstawieniePrzerwanPE1	32	static
main.c:578:6:Ustawianie	8	static
main.c:591:6:UstawienieSilnikow	8	static
main.c:599:6:Silniki_Przod	8	static
main.c:609:6:Silniki_Stop	8	static
main.c:619:6:Silniki_Tyl	8	static
main.c:630:6:Silniki_Lewo	8	static
main.c:642:6:Silniki_Prawo	8	static
main.c:658:6:EVAL_AUDIO_TransferComplete_CallBack	16	static
main.c:667:10:EVAL_AUDIO_GetSampleCallBack	4	static
main.c:673:6:EXTI0_IRQHandler	8	static
main.c:700:6:EXTI1_IRQHandler	8	static
