core_cm4.h:1535:22:NVIC_SetPriority	16	static
core_cm4.h:1662:26:SysTick_Config	16	static
main.c:112:5:main	8	static
main.c:339:15:UstawieniePIN	24	static
main.c:353:15:UstawienieUSART1	32	static
main.c:395:6:OdpowiedzUART	16	static
main.c:410:6:UstawienieADC3	120	static
main.c:478:6:ObslugaCzujkaOdleglosci	120	static
main.c:500:6:Sprawdz_odleglosc	8	static
main.c:527:6:Jedz_impuls	24	static
main.c:536:5:CzyMogeJechac	8	static
main.c:555:6:Algorytm_jazdy	8	static
main.c:577:6:ZapalDiode1	8	static
main.c:584:6:ZgasDiode1	8	static
main.c:595:6:Wyslij_znak	16	static
main.c:607:6:Wyslij_zdanie	16	static
main.c:622:6:UstawieniePWM	48	static
main.c:677:6:UstawieniePrzerwanPE0	32	static
main.c:719:6:UstawieniePrzerwanPE1	32	static
main.c:755:6:Ustawianie	8	static
main.c:768:6:UstawienieSilnikow	8	static
main.c:776:6:Silniki_Przod	8	static
main.c:786:6:Silniki_Stop	8	static
main.c:796:6:Silniki_Tyl	8	static
main.c:807:6:Silniki_Lewo	8	static
main.c:819:6:Silniki_Prawo	8	static
main.c:835:6:EVAL_AUDIO_TransferComplete_CallBack	16	static
main.c:844:10:EVAL_AUDIO_GetSampleCallBack	4	static
main.c:850:6:EXTI0_IRQHandler	8	static
main.c:877:6:EXTI1_IRQHandler	8	static
main.c:913:6:SysTick_Handler	4	static
main.c:920:6:Delay	16	static
