core_cm4.h:1535:22:NVIC_SetPriority	16	static
core_cm4.h:1662:26:SysTick_Config	16	static
main.c:140:5:main	8	static
main.c:251:15:UstawieniePIN	24	static
main.c:265:15:UstawienieUSART1	32	static
main.c:312:6:OdpowiedzUART	16	static
main.c:327:6:UstawienieADC3	120	static
main.c:395:6:ObslugaCzujkaOdleglosci	120	static
main.c:417:5:Sprawdz_odleglosc	8	static
main.c:446:5:Sprawdz_lewy	8	static
main.c:464:5:Sprawdz_prawy	8	static
main.c:485:6:Jedz_impuls	16	static
main.c:501:6:Skret_Lewo	16	static
main.c:514:6:Skret_Prawo	16	static
main.c:528:5:Sprawdz_przod	8	static
main.c:546:6:Wykonaj_ruch	8	static
main.c:970:6:Algorytm_jazdy	24	static
main.c:997:6:ZapalDiode1	8	static
main.c:1004:6:ZgasDiode1	8	static
main.c:1015:6:Wyslij_znak	16	static
main.c:1027:6:Wyslij_zdanie	16	static
main.c:1041:6:Wyslij_int	72	static
main.c:1050:6:UstawieniePWM	48	static
main.c:1105:6:UstawieniePrzerwanPE0	32	static
main.c:1147:6:UstawieniePrzerwanPE1	32	static
main.c:1183:6:Ustawianie	8	static
main.c:1199:6:UstawienieSilnikow	8	static
main.c:1207:6:Silniki_Przod	8	static
main.c:1217:6:Silniki_Stop	8	static
main.c:1227:6:Silniki_Tyl	8	static
main.c:1238:6:Silniki_Lewo	8	static
main.c:1250:6:Silniki_Prawo	8	static
main.c:1266:6:EVAL_AUDIO_TransferComplete_CallBack	16	static
main.c:1275:10:EVAL_AUDIO_GetSampleCallBack	4	static
main.c:1281:6:EXTI0_IRQHandler	8	static
main.c:1308:6:EXTI1_IRQHandler	8	static
main.c:1344:6:SysTick_Handler	4	static
main.c:1351:6:Delay	16	static
