core_cm4.h:1535:22:NVIC_SetPriority	16	static
core_cm4.h:1662:26:SysTick_Config	16	static
main.c:131:5:main	8	static
main.c:240:15:UstawieniePIN	24	static
main.c:254:15:UstawienieUSART1	32	static
main.c:301:6:OdpowiedzUART	16	static
main.c:316:6:UstawienieADC3	120	static
main.c:384:6:ObslugaCzujkaOdleglosci	120	static
main.c:406:6:Sprawdz_odleglosc	8	static
main.c:433:5:Sprawdz_lewy	8	static
main.c:452:6:Jedz_impuls	24	static
main.c:463:6:Skret_Lewo	16	static
main.c:476:6:Skret_Prawo	16	static
main.c:490:5:CzyMogeJechac	8	static
main.c:508:6:Jedz_odleglosc	24	static
main.c:526:6:Algorytm_jazdy	24	static
main.c:547:5:Omijanie_Przeszkody	64	static
main.c:594:6:ZapalDiode1	8	static
main.c:601:6:ZgasDiode1	8	static
main.c:612:6:Wyslij_znak	16	static
main.c:624:6:Wyslij_zdanie	16	static
main.c:638:6:Wyslij_int	72	static
main.c:647:6:UstawieniePWM	48	static
main.c:702:6:UstawieniePrzerwanPE0	32	static
main.c:744:6:UstawieniePrzerwanPE1	32	static
main.c:780:6:Ustawianie	8	static
main.c:795:6:UstawienieSilnikow	8	static
main.c:803:6:Silniki_Przod	8	static
main.c:813:6:Silniki_Stop	8	static
main.c:823:6:Silniki_Tyl	8	static
main.c:834:6:Silniki_Lewo	8	static
main.c:846:6:Silniki_Prawo	8	static
main.c:862:6:EVAL_AUDIO_TransferComplete_CallBack	16	static
main.c:871:10:EVAL_AUDIO_GetSampleCallBack	4	static
main.c:877:6:EXTI0_IRQHandler	8	static
main.c:904:6:EXTI1_IRQHandler	8	static
main.c:940:6:SysTick_Handler	4	static
main.c:947:6:Delay	16	static
