main.c:75:5:main	8	static
main.c:170:15:UstawieniePIN	24	static
main.c:184:15:UstawienieUSART1	32	static
main.c:226:6:OdpowiedzUART	16	static
main.c:241:6:UstawienieADC3	120	static
main.c:309:6:ObslugaCzujkaOdleglosci	72	static
main.c:325:6:ZapalDiode1	8	static
main.c:332:6:ZgasDiode1	8	static
main.c:343:6:Wyslij_znak	16	static
main.c:355:6:Wyslij_zdanie	24	static
main.c:366:6:UstawieniePWM	48	static
main.c:422:6:Ustawianie	8	static
main.c:435:6:UstawienieSilnikow	8	static
main.c:443:6:Silniki_Przod	8	static
main.c:453:6:Silniki_Stop	8	static
main.c:463:6:Silniki_Tyl	8	static
main.c:474:6:Silniki_Lewo	8	static
main.c:486:6:Silniki_Prawo	8	static
main.c:502:6:EVAL_AUDIO_TransferComplete_CallBack	16	static
main.c:511:10:EVAL_AUDIO_GetSampleCallBack	4	static
